%!Adobe-FontList 1.20
%Locale:0x409

%BeginFont
Handler:DirectoryHandler
FontType:Invalid
OutlineFileName:C:\Users\Rakib\Desktop\indian-food-ollection\Font\flaticon.css
FileModTime:1622142961
%EndFont

%BeginFont
Handler:DirectoryHandler
FontType:Invalid
OutlineFileName:C:\Users\Rakib\Desktop\indian-food-ollection\Font\flaticon.eot
FileModTime:1622142961
%EndFont

%BeginFont
Handler:DirectoryHandler
FontType:Invalid
OutlineFileName:C:\Users\Rakib\Desktop\indian-food-ollection\Font\flaticon.html
FileModTime:1622142961
%EndFont

%BeginFont
Handler:DirectoryHandler
FontType:Invalid
OutlineFileName:C:\Users\Rakib\Desktop\indian-food-ollection\Font\flaticon.scss
FileModTime:1622142961
%EndFont

%BeginFont
Handler:DirectoryHandler
FontType:Invalid
OutlineFileName:C:\Users\Rakib\Desktop\indian-food-ollection\Font\flaticon.svg
FileModTime:1622142961
%EndFont

%BeginFont
Handler:DirectoryHandler
FontType:TrueType
FontName:flaticon
FamilyName:flaticon
StyleName:Regular
FullName:flaticon
MenuName:flaticon
StyleBits:0
WritingScript:Roman
OutlineFileName:C:\Users\Rakib\Desktop\indian-food-ollection\Font\flaticon.ttf
DataFormat:sfntData
hasSVG:no
VariableFontType:NonVariableFont
FileLength:9348
FileModTime:1622142961
WeightClass:400
WidthClass:5
AngleClass:0
NameArray:0,Mac,4,flaticon
NameArray:0,Win,1,flaticon
%EndFont

%BeginFont
Handler:DirectoryHandler
FontType:Invalid
OutlineFileName:C:\Users\Rakib\Desktop\indian-food-ollection\Font\flaticon.woff
FileModTime:1622142961
%EndFont

%BeginFont
Handler:DirectoryHandler
FontType:Invalid
OutlineFileName:C:\Users\Rakib\Desktop\indian-food-ollection\Font\flaticon.woff2
FileModTime:1622142961
%EndFont

